≡ƒÜÇ Starting AI Routing Tests...

--- Testing /status ---
Status: Γ¥î Failed
node : Γ¥î Test failed with 
error: Cannot convert 
undefined or null to object
At line:1 char:1
+ node 
scripts/test-ai-routing.js 
> test_output.txt 2>&1
+ ~~~~~~~~~~~~~~~~~~~~~~~~~~
~~~~~~~~~~~~~~~~~~~~~~~~~~~~
    + CategoryInfo          
    : NotSpecified: (Γ¥î T  
  est failed... null to o   
 bject:String) [], Remot    
eException
    + FullyQualifiedErrorId 
    : NativeCommandError
 

Make sure the server is running on http://localhost:3001
